02:26:49 **** Incremental Build of configuration Debug for project zynq ****
make all 
make --no-print-directory pre-build
a9-linaro-pre-build-step
 
make --no-print-directory main-build
Building file: ../src/main.c
Invoking: ARM v7 gcc compiler
arm-none-eabi-gcc -Wall -O0 -g3 -c -fmessage-length=0 -MT"src/main.o" -mcpu=cortex-a9 -mfpu=vfpv3 -mfloat-abi=hard -IC:/Users/ZhouLin/Desktop/Sound_source_localization/zynq_proj/vitis/design_1_wrapper/export/design_1_wrapper/sw/design_1_wrapper/standalone_domain/bspinclude/include -MMD -MP -MF"src/main.d" -MT"src/main.o" -o "src/main.o" "../src/main.c"
Finished building: ../src/main.c
 
Building target: zynq.elf
Invoking: ARM v7 gcc linker
arm-none-eabi-gcc -mcpu=cortex-a9 -mfpu=vfpv3 -mfloat-abi=hard -Wl,-build-id=none -specs=Xilinx.spec -Wl,-T -Wl,../src/lscript.ld -LC:/Users/ZhouLin/Desktop/Sound_source_localization/zynq_proj/vitis/design_1_wrapper/export/design_1_wrapper/sw/design_1_wrapper/standalone_domain/bsplib/lib -o "zynq.elf"  ./src/main.o   -Wl,--start-group,-lxil,-lgcc,-lc,--end-group
Finished building target: zynq.elf
 
Invoking: ARM v7 Print Size
arm-none-eabi-size zynq.elf  |tee "zynq.elf.size"
   text	   data	    bss	    dec	    hex	filename
  58224	   2584	  24384	  85192	  14cc8	zynq.elf
Finished building: zynq.elf.size
 

02:26:55 Build Finished (took 5s.561ms)

